[elanta.app/nazar/arter-demo/home.html]
[elanta.app/nazar/arter-demo/img/thumbnail.ico]
[elanta.app/nazar/arter-demo/css/plugins/bootstrap.min.css]
[elanta.app/nazar/arter-demo/css/plugins/font-awesome.min.css]
[elanta.app/nazar/arter-demo/css/plugins/swiper.min.css]
[elanta.app/nazar/arter-demo/css/plugins/fancybox.min.css]
[backblue.gif]
[fade.gif]
[index.html]
[elanta.app/nazar/arter-demo/css/style.css]
[elanta.app/nazar/arter-demo/img/face-1.jpg]
[elanta.app/nazar/arter-demo/img/bg.jpg]
[elanta.app/nazar/arter-demo/portfolio-3-col-masonry.html]
[elanta.app/nazar/arter-demo/img/face-2.png]
[elanta.app/nazar/arter-demo/contact.html]
[elanta.app/nazar/arter-demo/img/testimonials/face-1.jpg]
[elanta.app/nazar/arter-demo/img/testimonials/face-2.jpg]
[elanta.app/nazar/arter-demo/img/testimonials/face-3.jpg]
[elanta.app/nazar/arter-demo/img/testimonials/face-4.jpg]
[elanta.app/nazar/arter-demo/img/brands/1.png]
[elanta.app/nazar/arter-demo/img/brands/2.png]
[elanta.app/nazar/arter-demo/img/brands/3.png]
[elanta.app/nazar/arter-demo/portfolio-2-col.html]
[elanta.app/nazar/arter-demo/portfolio-3-col.html]
[elanta.app/nazar/arter-demo/portfolio-2-col-masonry.html]
[elanta.app/nazar/arter-demo/portfolio-single.html]
[elanta.app/nazar/arter-demo/portfolio-single-2.html]
[elanta.app/nazar/arter-demo/history.html]
[elanta.app/nazar/arter-demo/blog-2-col.html]
[elanta.app/nazar/arter-demo/blog-3-col.html]
[elanta.app/nazar/arter-demo/blog-post.html]
[elanta.app/nazar/arter-demo/onepage.html]
[elanta.app/nazar/arter-demo/js/plugins/anime.min.js]
[elanta.app/nazar/arter-demo/js/plugins/jquery.min.js]
[elanta.app/nazar/arter-demo/js/plugins/progressbar.min.js]
[elanta.app/nazar/arter-demo/js/plugins/smooth-scrollbar.min.js]
[elanta.app/nazar/arter-demo/js/plugins/swiper.min.js]
[elanta.app/nazar/arter-demo/js/plugins/overscroll.min.js]
[elanta.app/nazar/arter-demo/js/plugins/typing.min.js]
[elanta.app/nazar/arter-demo/js/plugins/isotope.min.js]
[elanta.app/nazar/arter-demo/js/plugins/fancybox.min.js]
[elanta.app/nazar/arter-demo/js/plugins/swup.min.js]
[elanta.app/nazar/arter-demo/home.html]
[elanta.app/nazar/arter-demo/css/plugins/bootstrap.min.css]
[elanta.app/nazar/arter-demo/js/main.js]
[elanta.app/nazar/arter-demo/css/webfonts/fa-brands-400.eot]
[elanta.app/nazar/arter-demo/css/webfonts/fa-brands-400d41d.eot]
[elanta.app/nazar/arter-demo/css/webfonts/fa-brands-400.woff2]
[elanta.app/nazar/arter-demo/css/webfonts/fa-brands-400.woff]
[elanta.app/nazar/arter-demo/css/webfonts/fa-brands-400.ttf]
[elanta.app/nazar/arter-demo/css/webfonts/fa-regular-400.eot]
[elanta.app/nazar/arter-demo/css/webfonts/fa-regular-400d41d.eot]
[elanta.app/nazar/arter-demo/css/webfonts/fa-regular-400.woff2]
[elanta.app/nazar/arter-demo/css/webfonts/fa-regular-400.woff]
[elanta.app/nazar/arter-demo/css/webfonts/fa-regular-400.ttf]
[elanta.app/nazar/arter-demo/css/webfonts/fa-solid-900.eot]
[elanta.app/nazar/arter-demo/css/webfonts/fa-solid-900d41d.eot]
[elanta.app/nazar/arter-demo/css/webfonts/fa-solid-900.woff2]
[elanta.app/nazar/arter-demo/css/webfonts/fa-solid-900.woff]
[elanta.app/nazar/arter-demo/css/webfonts/fa-solid-900.ttf]
[elanta.app/nazar/arter-demo/css/plugins/font-awesome.min.css]
[elanta.app/nazar/arter-demo/css/plugins/swiper.min.css]
[elanta.app/nazar/arter-demo/css/plugins/fancybox.min.css]
[elanta.app/nazar/arter-demo/css/style.css]
[elanta.app/nazar/arter-demo/files/cv.txt]
[elanta.app/nazar/arter-demo/img/works/original-size/1.jpg]
[elanta.app/nazar/arter-demo/img/works/thumbnail/1.jpg]
[elanta.app/nazar/arter-demo/img/works/original-size/2.jpg]
[elanta.app/nazar/arter-demo/img/works/thumbnail/2.jpg]
[elanta.app/nazar/arter-demo/img/works/original-size/3.jpg]
[elanta.app/nazar/arter-demo/img/works/thumbnail/3.jpg]
[elanta.app/nazar/arter-demo/img/works/original-size/4.jpg]
[elanta.app/nazar/arter-demo/img/works/thumbnail/4.jpg]
[elanta.app/nazar/arter-demo/img/works/original-size/5.jpg]
[elanta.app/nazar/arter-demo/img/works/thumbnail/5.jpg]
[elanta.app/nazar/arter-demo/img/works/original-size/6.jpg]
[elanta.app/nazar/arter-demo/img/works/thumbnail/6.jpg]
[elanta.app/nazar/arter-demo/img/works/original-size/7.jpg]
[elanta.app/nazar/arter-demo/img/works/thumbnail/7.jpg]
[elanta.app/nazar/arter-demo/img/works/original-size/8.jpg]
[elanta.app/nazar/arter-demo/img/works/thumbnail/8.jpg]
[elanta.app/nazar/arter-demo/img/works/original-size/9.jpg]
[elanta.app/nazar/arter-demo/img/works/thumbnail/9.jpg]
[elanta.app/nazar/arter-demo/img/works/original-size/10.jpg]
[elanta.app/nazar/arter-demo/img/works/thumbnail/10.jpg]
[elanta.app/nazar/arter-demo/img/works/original-size/11.jpg]
[elanta.app/nazar/arter-demo/img/works/thumbnail/11.jpg]
[elanta.app/nazar/arter-demo/portfolio-3-col-masonry.html]
[elanta.app/nazar/arter-demo/contact.html]
[elanta.app/nazar/arter-demo/portfolio-2-col.html]
[elanta.app/nazar/arter-demo/img/works/original-size/13.jpg]
[elanta.app/nazar/arter-demo/img/works/thumbnail/13.jpg]
[elanta.app/nazar/arter-demo/portfolio-3-col.html]
[elanta.app/nazar/arter-demo/portfolio-2-col-masonry.html]
[elanta.app/nazar/arter-demo/portfolio-3-col-masonry]
[elanta.app/nazar/arter-demo/portfolio-single.html]
[elanta.app/nazar/arter-demo/portfolio-single-2.html]
[elanta.app/nazar/arter-demo/files/certificate.jpg]
[elanta.app/nazar/arter-demo/history.html]
[elanta.app/nazar/arter-demo/img/blog/1.jpg]
[elanta.app/nazar/arter-demo/img/blog/2.jpg]
[elanta.app/nazar/arter-demo/img/blog/3.jpg]
[elanta.app/nazar/arter-demo/img/blog/4.jpg]
[elanta.app/nazar/arter-demo/img/blog/5.jpg]
[elanta.app/nazar/arter-demo/img/blog/6.jpg]
[elanta.app/nazar/arter-demo/img/blog/7.jpg]
[elanta.app/nazar/arter-demo/img/blog/8.jpg]
[elanta.app/nazar/arter-demo/blog-2-col.html]
[elanta.app/nazar/arter-demo/img/blog/9.jpg]
[elanta.app/nazar/arter-demo/blog-3-col.html]
[elanta.app/nazar/arter-demo/blog-post.html]
[elanta.app/nazar/arter-demo/onepage.html]
[elanta.app/nazar/arter-demo/css/webfonts/fa-brands-400.svg]
[elanta.app/nazar/arter-demo/css/webfonts/fa-regular-400.svg]
[elanta.app/nazar/arter-demo/css/webfonts/fa-solid-900.svg]
[elanta.app/nazar/arter-demo/portfolio-3-col-masonry-2.html]
